2026-03-12T19:43:29.6813858Z,Updating submodules.,201029cf-1c76-4762-8509-0e39afae8882,0
2026-03-12T19:43:30.8232498Z,Preparing deployment for commit id '568b288d-7'.,9821c736-6ae5-403c-8f06-6c0f11ca8ff3,0
2026-03-12T19:43:31.2018637Z,PreDeployment: context.CleanOutputPath False,2a5aaf40-626d-4e95-be2f-b889c79a52e1,0
2026-03-12T19:43:31.3709735Z,PreDeployment: context.OutputPath /home/site/wwwroot,7971d56d-cc4c-4b07-8b62-f109d2d7dfb3,0
2026-03-12T19:43:31.5339616Z,Running build. Project type: OneDeploy,6bb2a218-d9d2-4852-824a-3bfd67b1fe7c,0
2026-03-12T19:43:31.6885335Z,Copying the manifest,a8442dce-4b70-4de3-8eec-6f168dcbf13b,0
2026-03-12T19:43:32.0300001Z,Running deployment command...,a69c35ef-2c9d-4aab-9a58-43e47225353d,0
	2026-03-12T19:43:32.0888021Z,Command: /opt/Kudu/Scripts/parallel_rsync.sh /tmp/zipdeploy/extracted /home/site/wwwroot 8 /tmp/ False False  ,,0
	2026-03-12T19:43:32.3675276Z,Run rsync from: /tmp/zipdeploy/extracted/ to: /home/site/wwwroot/ in 8 parallel threads,,0
	2026-03-12T19:43:32.4083935Z,Delete options: clean=False&comma; use manifest=False&comma; directory to ignore=,,0
	2026-03-12T19:43:32.4655932Z,Prev manifest = /home/site/deployments/143cb41b-4637-4f4e-8591-3ae3ca8dbdb1/manifest and next /home/site/deployments/568b288d-7336-43b6-ad1c-22b0e98722bb/manifest,,0
	2026-03-12T19:43:32.5255196Z,Cleaning up /tmp//filelist.txt and /tmp//splits,,0
	2026-03-12T19:43:32.5652718Z,Creating a list of all files at /tmp//filelist.txt,,0
	2026-03-12T19:43:32.6433728Z,No directory to exclude.,,0
	2026-03-12T19:43:32.7147766Z,Created /tmp//filelist.txt. Total number of files to be synced = 13.,,0
	2026-03-12T19:43:33.0277753Z,Created batches from the list of files. Processing 2 files in each thread,,0
	2026-03-12T19:43:33.1753210Z,Running rsync for filelist /tmp//splits/split.aa from /tmp/zipdeploy/extracted/ to /home/site/wwwroot/,,0
	2026-03-12T19:43:33.2935964Z,Running rsync for filelist /tmp//splits/split.ab from /tmp/zipdeploy/extracted/ to /home/site/wwwroot/,,0
	2026-03-12T19:43:33.4522787Z,Running rsync for filelist /tmp//splits/split.ac from /tmp/zipdeploy/extracted/ to /home/site/wwwroot/,,0
	2026-03-12T19:43:33.5629123Z,Running rsync for filelist /tmp//splits/split.ad from /tmp/zipdeploy/extracted/ to /home/site/wwwroot/,,0
	2026-03-12T19:43:33.7420571Z,Running rsync for filelist /tmp//splits/split.ae from /tmp/zipdeploy/extracted/ to /home/site/wwwroot/,,0
	2026-03-12T19:43:33.9765008Z,,,0
	2026-03-12T19:43:33.9944515Z,Number of files: 2 (reg: 2),,0
	2026-03-12T19:43:34.0090410Z,Number of created files: 0,,0
	2026-03-12T19:43:34.0176531Z,Number of deleted files: 0,,0
	2026-03-12T19:43:34.0274722Z,Number of regular files transferred: 0,,0
	2026-03-12T19:43:34.0387663Z,Total file size: 11.05K bytes,,0
	2026-03-12T19:43:34.0529781Z,Total transferred file size: 0 bytes,,0
	2026-03-12T19:43:34.0746971Z,Literal data: 0 bytes,,0
	2026-03-12T19:43:34.0851458Z,Matched data: 0 bytes,,0
	2026-03-12T19:43:34.1093629Z,File list size: 0,,0
	2026-03-12T19:43:34.1208615Z,File list generation time: 0.066 seconds,,0
	2026-03-12T19:43:34.1286184Z,File list transfer time: 0.000 seconds,,0
	2026-03-12T19:43:34.1479382Z,Total bytes sent: 136,,0
	2026-03-12T19:43:34.1879462Z,Total bytes received: 22,,0
	2026-03-12T19:43:34.2239855Z,,,0
	2026-03-12T19:43:34.2380887Z,sent 136 bytes  received 22 bytes  316.00 bytes/sec,,0
	2026-03-12T19:43:34.2943691Z,total size is 11.05K  speedup is 69.95,,0
	2026-03-12T19:43:34.3167391Z,Running rsync for filelist /tmp//splits/split.af from /tmp/zipdeploy/extracted/ to /home/site/wwwroot/,,0
	2026-03-12T19:43:34.3446117Z,Attempt 1: Rsync for filelist /tmp//splits/split.ab completed with exit code 0,,0
	2026-03-12T19:43:34.3839967Z,,,0
	2026-03-12T19:43:34.4119537Z,Number of files: 2 (reg: 2),,0
	2026-03-12T19:43:34.4237252Z,Number of created files: 0,,0
	2026-03-12T19:43:34.4360747Z,Number of deleted files: 0,,0
	2026-03-12T19:43:34.4529904Z,Number of regular files transferred: 0,,0
	2026-03-12T19:43:34.4737310Z,Total file size: 8.72K bytes,,0
	2026-03-12T19:43:34.5309163Z,Total transferred file size: 0 bytes,,0
	2026-03-12T19:43:34.5634383Z,Literal data: 0 bytes,,0
	2026-03-12T19:43:34.6035145Z,Matched data: 0 bytes,,0
	2026-03-12T19:43:34.6319247Z,File list size: 0,,0
	2026-03-12T19:43:34.6529607Z,File list generation time: 0.018 seconds,,0
	2026-03-12T19:43:34.6641658Z,File list transfer time: 0.000 seconds,,0
	2026-03-12T19:43:34.6925361Z,Total bytes sent: 135,,0
	2026-03-12T19:43:34.7099064Z,Total bytes received: 22,,0
	2026-03-12T19:43:34.7302374Z,,,0
	2026-03-12T19:43:34.7548332Z,sent 135 bytes  received 22 bytes  314.00 bytes/sec,,0
	2026-03-12T19:43:34.8589730Z,total size is 8.72K  speedup is 55.57,,0
	2026-03-12T19:43:34.8716137Z,Attempt 1: Rsync for filelist /tmp//splits/split.aa completed with exit code 0,,0
	2026-03-12T19:43:34.9029725Z,,,0
	2026-03-12T19:43:34.9170981Z,Number of files: 2 (reg: 2),,0
	2026-03-12T19:43:34.9294785Z,Number of created files: 0,,0
	2026-03-12T19:43:34.9400344Z,Number of deleted files: 0,,0
	2026-03-12T19:43:34.9775916Z,Number of regular files transferred: 0,,0
	2026-03-12T19:43:35.0274353Z,Total file size: 208 bytes,,0
	2026-03-12T19:43:35.0965536Z,Total transferred file size: 0 bytes,,0
	2026-03-12T19:43:35.1452979Z,Literal data: 0 bytes,,0
	2026-03-12T19:43:35.2136602Z,Matched data: 0 bytes,,0
	2026-03-12T19:43:35.2537260Z,File list size: 0,,0
	2026-03-12T19:43:35.3132462Z,File list generation time: 0.001 seconds,,0
	2026-03-12T19:43:35.3638333Z,File list transfer time: 0.000 seconds,,0
	2026-03-12T19:43:35.4379870Z,Total bytes sent: 143,,0
	2026-03-12T19:43:35.4711623Z,Total bytes received: 22,,0
	2026-03-12T19:43:35.5273563Z,,,0
	2026-03-12T19:43:35.5688886Z,sent 143 bytes  received 22 bytes  330.00 bytes/sec,,0
	2026-03-12T19:43:35.6678537Z,total size is 208  speedup is 1.26,,0
	2026-03-12T19:43:35.7369039Z,Running rsync for filelist /tmp//splits/split.ag from /tmp/zipdeploy/extracted/ to /home/site/wwwroot/,,0
	2026-03-12T19:43:35.7855864Z,Attempt 1: Rsync for filelist /tmp//splits/split.ac completed with exit code 0,,0
	2026-03-12T19:43:35.8439312Z,,,0
	2026-03-12T19:43:36.0146118Z,Number of files: 2 (reg: 2),,0
	2026-03-12T19:43:36.0724039Z,Number of created files: 0,,0
	2026-03-12T19:43:36.1504742Z,Number of deleted files: 0,,0
	2026-03-12T19:43:36.2305237Z,Number of regular files transferred: 0,,0
	2026-03-12T19:43:36.2906328Z,Total file size: 59.97K bytes,,0
	2026-03-12T19:43:36.3800484Z,Total transferred file size: 0 bytes,,0
	2026-03-12T19:43:36.4694062Z,Literal data: 0 bytes,,0
	2026-03-12T19:43:36.5613229Z,Matched data: 0 bytes,,0
	2026-03-12T19:43:36.6621230Z,File list size: 0,,0
	2026-03-12T19:43:36.7600149Z,File list generation time: 0.001 seconds,,0
	2026-03-12T19:43:36.8478628Z,File list transfer time: 0.000 seconds,,0
	2026-03-12T19:43:37.0408077Z,Total bytes sent: 136,,0
	2026-03-12T19:43:37.2401394Z,Total bytes received: 22,,0
	2026-03-12T19:43:37.3685601Z,,,0
	2026-03-12T19:43:37.4163125Z,sent 136 bytes  received 22 bytes  316.00 bytes/sec,,0
	2026-03-12T19:43:37.4853009Z,total size is 59.97K  speedup is 379.58,,0
	2026-03-12T19:43:37.5268736Z,Attempt 1: Rsync for filelist /tmp//splits/split.af completed with exit code 0,,0
	2026-03-12T19:43:37.5766271Z,,,0
	2026-03-12T19:43:37.6067778Z,Number of files: 2 (reg: 2),,0
	2026-03-12T19:43:37.7335284Z,Number of created files: 0,,0
	2026-03-12T19:43:37.7853097Z,Number of deleted files: 0,,0
	2026-03-12T19:43:37.8451087Z,Number of regular files transferred: 0,,0
	2026-03-12T19:43:37.8935927Z,Total file size: 12.84K bytes,,0
	2026-03-12T19:43:37.9861741Z,Total transferred file size: 0 bytes,,0
	2026-03-12T19:43:38.0243248Z,Literal data: 0 bytes,,0
	2026-03-12T19:43:38.0658111Z,Matched data: 0 bytes,,0
	2026-03-12T19:43:38.1552373Z,File list size: 0,,0
	2026-03-12T19:43:38.2346914Z,File list generation time: 0.001 seconds,,0
	2026-03-12T19:43:38.3146270Z,File list transfer time: 0.000 seconds,,0
	2026-03-12T19:43:38.5972590Z,Total bytes sent: 143,,0
	2026-03-12T19:43:38.6944504Z,Total bytes received: 22,,0
	2026-03-12T19:43:38.7877326Z,,,0
	2026-03-12T19:43:38.8445288Z,sent 143 bytes  received 22 bytes  330.00 bytes/sec,,0
	2026-03-12T19:43:38.8872685Z,total size is 12.84K  speedup is 77.82,,0
	2026-03-12T19:43:38.9551327Z,Attempt 1: Rsync for filelist /tmp//splits/split.ad completed with exit code 0,,0
	2026-03-12T19:43:39.0756707Z,,,0
	2026-03-12T19:43:39.1939134Z,Number of files: 2 (reg: 2),,0
	2026-03-12T19:43:39.2651077Z,Number of created files: 0,,0
	2026-03-12T19:43:39.4136833Z,Number of deleted files: 0,,0
	2026-03-12T19:43:39.6099819Z,Number of regular files transferred: 0,,0
	2026-03-12T19:43:39.7177224Z,Total file size: 78.81M bytes,,0
	2026-03-12T19:43:39.8104600Z,Total transferred file size: 0 bytes,,0
	2026-03-12T19:43:39.9171822Z,Literal data: 0 bytes,,0
	2026-03-12T19:43:40.0889893Z,Matched data: 0 bytes,,0
	2026-03-12T19:43:40.1283593Z,File list size: 0,,0
	2026-03-12T19:43:40.1773722Z,File list generation time: 0.001 seconds,,0
	2026-03-12T19:43:40.2078627Z,File list transfer time: 0.000 seconds,,0
	2026-03-12T19:43:40.2573787Z,Total bytes sent: 142,,0
	2026-03-12T19:43:40.3464991Z,Total bytes received: 22,,0
	2026-03-12T19:43:40.4232710Z,,,0
	2026-03-12T19:43:40.4734773Z,sent 142 bytes  received 22 bytes  328.00 bytes/sec,,0
	2026-03-12T19:43:40.5658917Z,total size is 78.81M  speedup is 480&comma;549.81,,0
	2026-03-12T19:43:40.6129697Z,Attempt 1: Rsync for filelist /tmp//splits/split.ae completed with exit code 0,,0
	2026-03-12T19:43:40.7248102Z,,,0
	2026-03-12T19:43:40.7732373Z,Number of files: 2 (reg: 1&comma; dir: 1),,0
	2026-03-12T19:43:40.8436040Z,Number of created files: 0,,0
	2026-03-12T19:43:40.8656109Z,Number of deleted files: 0,,0
	2026-03-12T19:43:40.9536728Z,Number of regular files transferred: 0,,0
	2026-03-12T19:43:41.0126635Z,Total file size: 222 bytes,,0
	2026-03-12T19:43:41.0912184Z,Total transferred file size: 0 bytes,,0
	2026-03-12T19:43:41.1627753Z,Literal data: 0 bytes,,0
	2026-03-12T19:43:41.2239951Z,Matched data: 0 bytes,,0
	2026-03-12T19:43:41.2725217Z,File list size: 0,,0
	2026-03-12T19:43:41.5010496Z,File list generation time: 0.007 seconds,,0
	2026-03-12T19:43:41.6006666Z,File list transfer time: 0.000 seconds,,0
	2026-03-12T19:43:41.6409999Z,Total bytes sent: 144,,0
	2026-03-12T19:43:41.7505012Z,Total bytes received: 22,,0
	2026-03-12T19:43:41.9702362Z,,,0
	2026-03-12T19:43:42.0907156Z,sent 144 bytes  received 22 bytes  332.00 bytes/sec,,0
	2026-03-12T19:43:42.1782057Z,total size is 222  speedup is 1.34,,0
	2026-03-12T19:43:42.2272912Z,Attempt 1: Rsync for filelist /tmp//splits/split.ag completed with exit code 0,,0
	2026-03-12T19:43:42.2988437Z,Completed successfully in 1 seconds,,0
2026-03-12T19:43:42.7157122Z,Build completed succesfully.,7753b53d-0bf0-4c9f-a10c-1afc419284a9,0
2026-03-12T19:43:43.0828642Z,Running post deployment command(s)...,83ac5418-0ff8-4f36-a67a-4be723c2331a,0
2026-03-12T19:43:43.4883949Z,Triggering container recycle for OneDeploy by adding/updating restartTrigger.txt to the site root path,65d33c2e-c2ef-4379-aebd-fc5121e1fc73,0
2026-03-12T19:43:43.9107441Z,Deployment successful. deployer = OneDeploy deploymentPath = OneDeploy,8eef0037-02fe-4cfd-96c7-c8b0e4080b5e,0
